
C:\Users\Alunos\Desktop\projetos\site1>git config --global user.name "Nosalugas"

C:\Users\Alunos\Desktop\projetos\site1>git config --global user.email lucasferreira28@outlook.com

C:\Users\Alunos\Desktop\projetos\site1>git config --list
core.symlinks=false
core.autocrlf=true
core.fscache=true
color.diff=auto
color.status=auto
color.branch=auto
color.interactive=true
help.format=html
rebase.autosquash=true
http.sslcainfo=C:/Users/Alunos/AppData/Local/Programs/Git/mingw64/ssl/certs/ca-bundle.crt
http.sslbackend=openssl
diff.astextplain.textconv=astextplain
filter.lfs.clean=git-lfs clean -- %f
filter.lfs.smudge=git-lfs smudge -- %f
filter.lfs.process=git-lfs filter-process
filter.lfs.required=true
credential.helper=manager
user.name=Nosalugas
user.email=lucasferreira28@outlook.com

C:\Users\Alunos\Desktop\projetos\site1>dir
 O volume na unidade C não tem nome.
 O Número de Série do Volume é 9418-E431

 Pasta de C:\Users\Alunos\Desktop\projetos\site1

25/04/2019  19:36    <DIR>          .
25/04/2019  19:36    <DIR>          ..
25/04/2019  19:36                54 index.html
               1 arquivo(s)             54 bytes
               2 pasta(s)   193.431.527.424 bytes disponíveis

C:\Users\Alunos\Desktop\projetos\site1>dir
 O volume na unidade C não tem nome.
 O Número de Série do Volume é 9418-E431

 Pasta de C:\Users\Alunos\Desktop\projetos\site1

25/04/2019  19:36    <DIR>          .
25/04/2019  19:36    <DIR>          ..
25/04/2019  19:36                54 index.html
               1 arquivo(s)             54 bytes
               2 pasta(s)   193.411.719.168 bytes disponíveis

C:\Users\Alunos\Desktop\projetos\site1>git init
Initialized empty Git repository in C:/Users/Alunos/Desktop/projetos/site1/.git/

C:\Users\Alunos\Desktop\projetos\site1>git add index.html

C:\Users\Alunos\Desktop\projetos\site1>git commit -m "versão inicial"
[master (root-commit) 69ca8e4] versão inicial
 1 file changed, 4 insertions(+)
 create mode 100644 index.html

C:\Users\Alunos\Desktop\projetos\site1>git status
On branch master
nothing to commit, working tree clean

C:\Users\Alunos\Desktop\projetos\site1>git remote add origin https://github.com/lucasferreiracosta/site1.git

C:\Users\Alunos\Desktop\projetos\site1>git remote -b
error: unknown switch `b'
usage: git remote [-v | --verbose]
   or: git remote add [-t <branch>] [-m <master>] [-f] [--tags | --no-tags] [--mirror=<fetch|push>] <name> <url>
   or: git remote rename <old> <new>
   or: git remote remove <name>
   or: git remote set-head <name> (-a | --auto | -d | --delete | <branch>)
   or: git remote [-v | --verbose] show [-n] <name>
   or: git remote prune [-n | --dry-run] <name>
   or: git remote [-v | --verbose] update [-p | --prune] [(<group> | <remote>)...]
   or: git remote set-branches [--add] <name> <branch>...
   or: git remote get-url [--push] [--all] <name>
   or: git remote set-url [--push] <name> <newurl> [<oldurl>]
   or: git remote set-url --add <name> <newurl>
   or: git remote set-url --delete <name> <url>

    -v, --verbose         be verbose; must be placed before a subcommand


C:\Users\Alunos\Desktop\projetos\site1>git remote -v
origin  https://github.com/lucasferreiracosta/site1.git (fetch)
origin  https://github.com/lucasferreiracosta/site1.git (push)

C:\Users\Alunos\Desktop\projetos\site1>git push origin master
Enumerating objects: 3, done.
Counting objects: 100% (3/3), done.
Delta compression using up to 12 threads
Compressing objects: 100% (2/2), done.
Writing objects: 100% (3/3), 267 bytes | 267.00 KiB/s, done.
Total 3 (delta 0), reused 0 (delta 0)
To https://github.com/lucasferreiracosta/site1.git
 * [new branch]      master -> master

C:\Users\Alunos\Desktop\projetos\site1>git branch correcao

C:\Users\Alunos\Desktop\projetos\site1>git checkout corecao
error: pathspec 'corecao' did not match any file(s) known to git

C:\Users\Alunos\Desktop\projetos\site1>git checkout correcao
Switched to branch 'correcao'

C:\Users\Alunos\Desktop\projetos\site1>type index.html
<!DOCTYPE HTML>
<body>
<h1>meu site </h1>
<p> est+í +® uma corre+º+úo de bug</p>
</body>

C:\Users\Alunos\Desktop\projetos\site1>git add
Nothing specified, nothing added.
Maybe you wanted to say 'git add .'?

C:\Users\Alunos\Desktop\projetos\site1>git add .

C:\Users\Alunos\Desktop\projetos\site1>git commit -m "correção de bug"
[correcao 034ec1a] correção de bug
 1 file changed, 1 insertion(+)

C:\Users\Alunos\Desktop\projetos\site1>git push origin correcao
Enumerating objects: 5, done.
Counting objects: 100% (5/5), done.
Delta compression using up to 12 threads
Compressing objects: 100% (2/2), done.
Writing objects: 100% (3/3), 339 bytes | 339.00 KiB/s, done.
Total 3 (delta 0), reused 0 (delta 0)
remote:
remote: Create a pull request for 'correcao' on GitHub by visiting:
remote:      https://github.com/lucasferreiracosta/site1/pull/new/correcao
remote:
To https://github.com/lucasferreiracosta/site1.git
 * [new branch]      correcao -> correcao

C:\Users\Alunos\Desktop\projetos\site1>git checkout master
Switched to branch 'master'

C:\Users\Alunos\Desktop\projetos\site1>type index.html
<!DOCTYPE HTML>
<body>
<h1>meu site </h1>
</body>

C:\Users\Alunos\Desktop\projetos\site1>git checkout correcao
Switched to branch 'correcao'

C:\Users\Alunos\Desktop\projetos\site1>type index.html
<!DOCTYPE HTML>
<body>
<h1>meu site </h1>
<p> est+í +® uma corre+º+úo de bug</p>
</body>

C:\Users\Alunos\Desktop\projetos\site1>